$ pnpm run typecheck
exit=0
Scope: all 7 workspace projects
✓ Lockfile passes supply-chain policies (verified 19h ago)
Lockfile is up to date, resolution step is skipped
Already up to date

Done in 1.4s using pnpm v11.7.0
$ tsc -p tsconfig.json

$ pnpm --filter session-tool-local run test
exit=0
$ vitest run --config ../../vitest.config.ts packages/session-tool-local/tests

 RUN  v4.1.10 /Users/nothing/workspace/dsh/plugin/session-tool/plugin

 ✓ packages/session-tool-local/tests/collect.spec.ts (6 tests) 8ms
 ✓ packages/session-tool-local/tests/live-events.spec.ts (4 tests) 8ms
 ✓ packages/session-tool-local/tests/persistence-read.spec.ts (8 tests) 13ms
 ✓ packages/session-tool-local/tests/workspace-client.spec.ts (26 tests) 82ms
 ✓ packages/session-tool-local/tests/delegation-projection.spec.ts (9 tests) 19ms
 ✓ packages/session-tool-local/tests/http-auth.spec.ts (11 tests) 61ms
 ✓ packages/session-tool-local/tests/wait.spec.ts (11 tests) 52ms
 ✓ packages/session-tool-local/tests/session-client.spec.ts (38 tests) 118ms
 ✓ packages/session-tool-local/tests/workspace.spec.ts (12 tests) 144ms
 ✓ packages/session-tool-local/tests/transport.spec.ts (18 tests) 131ms
 ✓ packages/session-tool-local/tests/service.spec.ts (72 tests) 1870ms
       ✓ resolves a tag aggregation and reports an empty set as unsatisfied  515ms

 Test Files  11 passed (11)
      Tests  215 passed (215)
   Start at  16:29:09
   Duration  2.92s (transform 3.80s, setup 0ms, import 5.84s, tests 2.51s, environment 2ms)


$ pnpm --filter tool-session run test
exit=0
$ vitest run --config ../../vitest.config.ts packages/tool-session/tests

 RUN  v4.1.10 /Users/nothing/workspace/dsh/plugin/session-tool/plugin

 ✓ packages/tool-session/tests/tools.spec.ts (17 tests) 52ms

 Test Files  1 passed (1)
      Tests  17 passed (17)
   Start at  16:29:13
   Duration  365ms (transform 85ms, setup 0ms, import 133ms, tests 52ms, environment 0ms)


$ pnpm vitest run packages/ui-session-tool/tests
exit=0

 RUN  v4.1.10 /Users/nothing/workspace/dsh/plugin/session-tool/plugin

 ✓ packages/ui-session-tool/tests/host.spec.ts (6 tests) 184ms
 ✓ packages/ui-session-tool/tests/header-badge.spec.ts (2 tests) 81ms
 ✓ packages/ui-session-tool/tests/panel.spec.ts (11 tests) 346ms

 Test Files  3 passed (3)
      Tests  19 passed (19)
   Start at  16:29:15
   Duration  1.31s (transform 250ms, setup 0ms, import 597ms, tests 611ms, environment 1.16s)


$ pnpm run build
exit=0
$ pnpm -r run build
Scope: 6 of 7 workspace projects
packages/session-marks build$ tsdown
packages/session-tool build$ tsdown
packages/session-tool build: ℹ tsdown v0.22.14 powered by rolldown v1.2.3
packages/session-marks build: ℹ tsdown v0.22.14 powered by rolldown v1.2.3
packages/session-tool build: ℹ config file: /Users/nothing/workspace/dsh/plugin/session-tool/plugin/packages/session-tool/tsdown.config.ts 
packages/session-tool build: ℹ entry: src/index.ts
packages/session-tool build: ℹ target: es2024
packages/session-tool build: ℹ tsconfig: tsconfig.json
packages/session-tool build:  WARN  `external` is deprecated. Use `deps.neverBundle` instead.
packages/session-tool build: ℹ Build start
packages/session-marks build: ℹ config file: /Users/nothing/workspace/dsh/plugin/session-tool/plugin/packages/session-marks/tsdown.config.ts 
packages/session-marks build: ℹ entry: src/index.ts, src/project.ts
packages/session-marks build: ℹ target: es2024
packages/session-marks build: ℹ tsconfig: tsconfig.json
packages/session-marks build: ℹ Build start
packages/session-marks build: ℹ lib/index.js                 11.10 kB │ gzip: 3.69 kB
packages/session-marks build: ℹ lib/project.js                0.43 kB │ gzip: 0.24 kB
packages/session-marks build: ℹ lib/project-tJifWPvE.js.map  29.04 kB │ gzip: 8.25 kB
packages/session-marks build: ℹ lib/index.js.map             19.79 kB │ gzip: 5.80 kB
packages/session-marks build: ℹ lib/project-tJifWPvE.js      15.68 kB │ gzip: 5.22 kB
packages/session-marks build: ℹ lib/index.d.ts.map            0.80 kB │ gzip: 0.37 kB
packages/session-marks build: ℹ lib/project.d.ts.map          0.67 kB │ gzip: 0.32 kB
packages/session-marks build: ℹ lib/index.d.ts                7.99 kB │ gzip: 2.66 kB
packages/session-marks build: ℹ lib/project.d.ts              4.48 kB │ gzip: 1.54 kB
packages/session-marks build: ℹ 9 files, total: 89.98 kB
packages/session-marks build: ✔ Build complete in 1566ms
packages/session-marks build: Done
packages/session-tool build: ℹ lib/index.js         3.25 kB │ gzip: 1.26 kB
packages/session-tool build: ℹ lib/index.js.map    30.13 kB │ gzip: 7.74 kB
packages/session-tool build: ℹ lib/index.d.ts.map   2.33 kB │ gzip: 0.66 kB
packages/session-tool build: ℹ lib/index.d.ts      27.94 kB │ gzip: 7.13 kB
packages/session-tool build: ℹ 4 files, total: 63.66 kB
packages/session-tool build: ✔ Build complete in 1692ms
packages/session-tool build: Done
packages/ui-session-tool build$ tsdown
packages/session-tool-local build$ tsdown
packages/session-tool-cli build$ tsdown
packages/session-tool-local build: ℹ tsdown v0.22.14 powered by rolldown v1.2.3
packages/session-tool-cli build: ℹ tsdown v0.22.14 powered by rolldown v1.2.3
packages/ui-session-tool build: ℹ tsdown v0.22.14 powered by rolldown v1.2.3
packages/ui-session-tool build: ℹ config file: /Users/nothing/workspace/dsh/plugin/session-tool/plugin/packages/ui-session-tool/tsdown.config.ts 
packages/session-tool-local build: ℹ config file: /Users/nothing/workspace/dsh/plugin/session-tool/plugin/packages/session-tool-local/tsdown.config.ts 
packages/session-tool-cli build: ℹ config file: /Users/nothing/workspace/dsh/plugin/session-tool/plugin/packages/session-tool-cli/tsdown.config.ts 
packages/ui-session-tool build: ℹ entry: src/index.ts
packages/ui-session-tool build: ℹ target: es2024
packages/session-tool-local build: ℹ entry: src/index.ts
packages/session-tool-local build: ℹ target: es2024
packages/ui-session-tool build: ℹ tsconfig: tsconfig.json
packages/session-tool-local build: ℹ tsconfig: tsconfig.json
packages/session-tool-cli build: ℹ entry: src/index.ts, src/bin.ts
packages/session-tool-cli build: ℹ target: es2024
packages/ui-session-tool build:  WARN  `external` is deprecated. Use `deps.neverBundle` instead.
packages/session-tool-local build:  WARN  `external` is deprecated. Use `deps.neverBundle` instead.
packages/session-tool-cli build: ℹ tsconfig: tsconfig.json
packages/ui-session-tool build: ℹ entry: src/client/index.tsx
packages/ui-session-tool build: ℹ target: es2022
packages/ui-session-tool build: ℹ tsconfig: tsconfig.json
packages/session-tool-local build: ℹ Build start
packages/session-tool-cli build: ℹ Build start
packages/ui-session-tool build: ℹ Build start
packages/session-tool-cli build:  WARN  `external` is deprecated. Use `deps.neverBundle` instead.
packages/ui-session-tool build:  WARN  `external` is deprecated. Use `deps.neverBundle` instead.
packages/ui-session-tool build:  WARN  `noExternal` is deprecated. Use `deps.alwaysBundle` instead.
packages/session-tool-cli build: ℹ Cleaning 8 files
packages/ui-session-tool build:  WARN  inlineDynamicImports option is deprecated, please use codeSplitting: false instead.
packages/session-tool-cli build: ℹ Granting execute permission to lib/bin.js
packages/session-tool-cli build: ℹ lib/index.js              0.32 kB │ gzip:  0.19 kB
packages/session-tool-cli build: ℹ lib/bin.js                0.20 kB │ gzip:  0.17 kB
packages/session-tool-cli build: ℹ lib/src-CrdVcq8z.js.map  51.28 kB │ gzip: 12.36 kB
packages/session-tool-cli build: ℹ lib/src-CrdVcq8z.js      28.75 kB │ gzip:  7.53 kB
packages/session-tool-cli build: ℹ lib/index.d.ts.map        0.30 kB │ gzip:  0.20 kB
packages/session-tool-cli build: ℹ lib/bin.js.map            0.27 kB │ gzip:  0.22 kB
packages/session-tool-cli build: ℹ lib/index.d.ts            2.73 kB │ gzip:  1.10 kB
packages/session-tool-cli build: ℹ lib/bin.d.ts              0.01 kB │ gzip:  0.03 kB
packages/session-tool-cli build: ℹ 8 files, total: 83.86 kB
packages/session-tool-cli build: ✔ Build complete in 2098ms
packages/session-tool-cli build: Done
packages/ui-session-tool build: ℹ [CJS] lib/client.js  43.02 kB │ gzip: 11.45 kB
packages/ui-session-tool build: ℹ [CJS] 1 files, total: 43.02 kB
packages/ui-session-tool build: ✔ Build complete in 2267ms
packages/ui-session-tool build: ℹ [ESM] lib/index.js         5.38 kB │ gzip: 1.89 kB
packages/ui-session-tool build: ℹ [ESM] lib/index.js.map    11.14 kB │ gzip: 3.59 kB
packages/ui-session-tool build: ℹ [ESM] lib/index.d.ts.map   0.14 kB │ gzip: 0.14 kB
packages/ui-session-tool build: ℹ [ESM] lib/index.d.ts       0.49 kB │ gzip: 0.27 kB
packages/ui-session-tool build: ℹ [ESM] 4 files, total: 17.16 kB
packages/ui-session-tool build: ✔ Build complete in 2271ms
packages/ui-session-tool build: Done
packages/session-tool-local build: (rolldown-plugin-dts:fake-js plugin) /Users/nothing/workspace/dsh/plugin/session-tool/plugin/node_modules/.pnpm/zod@4.4.3/node_modules/zod/v4/locales/ca.d.cts uses CommonJS dts syntax. CommonJS dts modules cannot be bundled by rolldown-plugin-dts. Please mark this module as external in your Rolldown config.
packages/session-tool-local build: (rolldown-plugin-dts:fake-js plugin) /Users/nothing/workspace/dsh/plugin/session-tool/plugin/node_modules/.pnpm/zod@4.4.3/node_modules/zod/v4/locales/az.d.cts uses CommonJS dts syntax. CommonJS dts modules cannot be bundled by rolldown-plugin-dts. Please mark this module as external in your Rolldown config.
packages/session-tool-local build: (rolldown-plugin-dts:fake-js plugin) /Users/nothing/workspace/dsh/plugin/session-tool/plugin/node_modules/.pnpm/zod@4.4.3/node_modules/zod/v4/locales/be.d.cts uses CommonJS dts syntax. CommonJS dts modules cannot be bundled by rolldown-plugin-dts. Please mark this module as external in your Rolldown config.
packages/session-tool-local build: (rolldown-plugin-dts:fake-js plugin) /Users/nothing/workspace/dsh/plugin/session-tool/plugin/node_modules/.pnpm/zod@4.4.3/node_modules/zod/v4/locales/ar.d.cts uses CommonJS dts syntax. CommonJS dts modules cannot be bundled by rolldown-plugin-dts. Please mark this module as external in your Rolldown config.
packages/session-tool-local build: (rolldown-plugin-dts:fake-js plugin) /Users/nothing/workspace/dsh/plugin/session-tool/plugin/node_modules/.pnpm/zod@4.4.3/node_modules/zod/v4/locales/de.d.cts uses CommonJS dts syntax. CommonJS dts modules cannot be bundled by rolldown-plugin-dts. Please mark this module as external in your Rolldown config.
packages/session-tool-local build: (rolldown-plugin-dts:fake-js plugin) /Users/nothing/workspace/dsh/plugin/session-tool/plugin/node_modules/.pnpm/zod@4.4.3/node_modules/zod/v4/locales/bg.d.cts uses CommonJS dts syntax. CommonJS dts modules cannot be bundled by rolldown-plugin-dts. Please mark this module as external in your Rolldown config.
packages/session-tool-local build: (rolldown-plugin-dts:fake-js plugin) /Users/nothing/workspace/dsh/plugin/session-tool/plugin/node_modules/.pnpm/zod@4.4.3/node_modules/zod/v4/locales/en.d.cts uses CommonJS dts syntax. CommonJS dts modules cannot be bundled by rolldown-plugin-dts. Please mark this module as external in your Rolldown config.
packages/session-tool-local build: (rolldown-plugin-dts:fake-js plugin) /Users/nothing/workspace/dsh/plugin/session-tool/plugin/node_modules/.pnpm/zod@4.4.3/node_modules/zod/v4/locales/cs.d.cts uses CommonJS dts syntax. CommonJS dts modules cannot be bundled by rolldown-plugin-dts. Please mark this module as external in your Rolldown config.
packages/session-tool-local build: (rolldown-plugin-dts:fake-js plugin) /Users/nothing/workspace/dsh/plugin/session-tool/plugin/node_modules/.pnpm/zod@4.4.3/node_modules/zod/v4/locales/fa.d.cts uses CommonJS dts syntax. CommonJS dts modules cannot be bundled by rolldown-plugin-dts. Please mark this module as external in your Rolldown config.
packages/session-tool-local build: (rolldown-plugin-dts:fake-js plugin) /Users/nothing/workspace/dsh/plugin/session-tool/plugin/node_modules/.pnpm/zod@4.4.3/node_modules/zod/v4/locales/es.d.cts uses CommonJS dts syntax. CommonJS dts modules cannot be bundled by rolldown-plugin-dts. Please mark this module as external in your Rolldown config.
packages/session-tool-local build: (rolldown-plugin-dts:fake-js plugin) /Users/nothing/workspace/dsh/plugin/session-tool/plugin/node_modules/.pnpm/zod@4.4.3/node_modules/zod/v4/locales/da.d.cts uses CommonJS dts syntax. CommonJS dts modules cannot be bundled by rolldown-plugin-dts. Please mark this module as external in your Rolldown config.
packages/session-tool-local build: (rolldown-plugin-dts:fake-js plugin) /Users/nothing/workspace/dsh/plugin/session-tool/plugin/node_modules/.pnpm/zod@4.4.3/node_modules/zod/v4/locales/el.d.cts uses CommonJS dts syntax. CommonJS dts modules cannot be bundled by rolldown-plugin-dts. Please mark this module as external in your Rolldown config.
packages/session-tool-local build: (rolldown-plugin-dts:fake-js plugin) /Users/nothing/workspace/dsh/plugin/session-tool/plugin/node_modules/.pnpm/zod@4.4.3/node_modules/zod/v4/locales/eo.d.cts uses CommonJS dts syntax. CommonJS dts modules cannot be bundled by rolldown-plugin-dts. Please mark this module as external in your Rolldown config.
packages/session-tool-local build: (rolldown-plugin-dts:fake-js plugin) /Users/nothing/workspace/dsh/plugin/session-tool/plugin/node_modules/.pnpm/zod@4.4.3/node_modules/zod/v4/locales/fi.d.cts uses CommonJS dts syntax. CommonJS dts modules cannot be bundled by rolldown-plugin-dts. Please mark this module as external in your Rolldown config.
packages/session-tool-local build: (rolldown-plugin-dts:fake-js plugin) /Users/nothing/workspace/dsh/plugin/session-tool/plugin/node_modules/.pnpm/zod@4.4.3/node_modules/zod/v4/locales/hy.d.cts uses CommonJS dts syntax. CommonJS dts modules cannot be bundled by rolldown-plugin-dts. Please mark this module as external in your Rolldown config.
packages/session-tool-local build: (rolldown-plugin-dts:fake-js plugin) /Users/nothing/workspace/dsh/plugin/session-tool/plugin/node_modules/.pnpm/zod@4.4.3/node_modules/zod/v4/locales/fr.d.cts uses CommonJS dts syntax. CommonJS dts modules cannot be bundled by rolldown-plugin-dts. Please mark this module as external in your Rolldown config.
packages/session-tool-local build: (rolldown-plugin-dts:fake-js plugin) /Users/nothing/workspace/dsh/plugin/session-tool/plugin/node_modules/.pnpm/zod@4.4.3/node_modules/zod/v4/locales/he.d.cts uses CommonJS dts syntax. CommonJS dts modules cannot be bundled by rolldown-plugin-dts. Please mark this module as external in your Rolldown config.
packages/session-tool-local build: (rolldown-plugin-dts:fake-js plugin) /Users/nothing/workspace/dsh/plugin/session-tool/plugin/node_modules/.pnpm/zod@4.4.3/node_modules/zod/v4/locales/fr-CA.d.cts uses CommonJS dts syntax. CommonJS dts modules cannot be bundled by rolldown-plugin-dts. Please mark this module as external in your Rolldown config.
packages/session-tool-local build: (rolldown-plugin-dts:fake-js plugin) /Users/nothing/workspace/dsh/plugin/session-tool/plugin/node_modules/.pnpm/zod@4.4.3/node_modules/zod/v4/locales/hr.d.cts uses CommonJS dts syntax. CommonJS dts modules cannot be bundled by rolldown-plugin-dts. Please mark this module as external in your Rolldown config.
packages/session-tool-local build: (rolldown-plugin-dts:fake-js plugin) /Users/nothing/workspace/dsh/plugin/session-tool/plugin/node_modules/.pnpm/zod@4.4.3/node_modules/zod/v4/locales/hu.d.cts uses CommonJS dts syntax. CommonJS dts modules cannot be bundled by rolldown-plugin-dts. Please mark this module as external in your Rolldown config.
packages/session-tool-local build: (rolldown-plugin-dts:fake-js plugin) /Users/nothing/workspace/dsh/plugin/session-tool/plugin/node_modules/.pnpm/zod@4.4.3/node_modules/zod/v4/locales/ka.d.cts uses CommonJS dts syntax. CommonJS dts modules cannot be bundled by rolldown-plugin-dts. Please mark this module as external in your Rolldown config.
packages/session-tool-local build: (rolldown-plugin-dts:fake-js plugin) /Users/nothing/workspace/dsh/plugin/session-tool/plugin/node_modules/.pnpm/zod@4.4.3/node_modules/zod/v4/locales/it.d.cts uses CommonJS dts syntax. CommonJS dts modules cannot be bundled by rolldown-plugin-dts. Please mark this module as external in your Rolldown config.
packages/session-tool-local build: (rolldown-plugin-dts:fake-js plugin) /Users/nothing/workspace/dsh/plugin/session-tool/plugin/node_modules/.pnpm/zod@4.4.3/node_modules/zod/v4/locales/is.d.cts uses CommonJS dts syntax. CommonJS dts modules cannot be bundled by rolldown-plugin-dts. Please mark this module as external in your Rolldown config.
packages/session-tool-local build: (rolldown-plugin-dts:fake-js plugin) /Users/nothing/workspace/dsh/plugin/session-tool/plugin/node_modules/.pnpm/zod@4.4.3/node_modules/zod/v4/locales/id.d.cts uses CommonJS dts syntax. CommonJS dts modules cannot be bundled by rolldown-plugin-dts. Please mark this module as external in your Rolldown config.
packages/session-tool-local build: (rolldown-plugin-dts:fake-js plugin) /Users/nothing/workspace/dsh/plugin/session-tool/plugin/node_modules/.pnpm/zod@4.4.3/node_modules/zod/v4/locales/ja.d.cts uses CommonJS dts syntax. CommonJS dts modules cannot be bundled by rolldown-plugin-dts. Please mark this module as external in your Rolldown config.
packages/session-tool-local build: (rolldown-plugin-dts:fake-js plugin) /Users/nothing/workspace/dsh/plugin/session-tool/plugin/node_modules/.pnpm/zod@4.4.3/node_modules/zod/v4/locales/km.d.cts uses CommonJS dts syntax. CommonJS dts modules cannot be bundled by rolldown-plugin-dts. Please mark this module as external in your Rolldown config.
packages/session-tool-local build: (rolldown-plugin-dts:fake-js plugin) /Users/nothing/workspace/dsh/plugin/session-tool/plugin/node_modules/.pnpm/zod@4.4.3/node_modules/zod/v4/locales/kh.d.cts uses CommonJS dts syntax. CommonJS dts modules cannot be bundled by rolldown-plugin-dts. Please mark this module as external in your Rolldown config.
packages/session-tool-local build: (rolldown-plugin-dts:fake-js plugin) /Users/nothing/workspace/dsh/plugin/session-tool/plugin/node_modules/.pnpm/zod@4.4.3/node_modules/zod/v4/locales/lt.d.cts uses CommonJS dts syntax. CommonJS dts modules cannot be bundled by rolldown-plugin-dts. Please mark this module as external in your Rolldown config.
packages/session-tool-local build: (rolldown-plugin-dts:fake-js plugin) /Users/nothing/workspace/dsh/plugin/session-tool/plugin/node_modules/.pnpm/zod@4.4.3/node_modules/zod/v4/locales/mk.d.cts uses CommonJS dts syntax. CommonJS dts modules cannot be bundled by rolldown-plugin-dts. Please mark this module as external in your Rolldown config.
packages/session-tool-local build: (rolldown-plugin-dts:fake-js plugin) /Users/nothing/workspace/dsh/plugin/session-tool/plugin/node_modules/.pnpm/zod@4.4.3/node_modules/zod/v4/locales/ms.d.cts uses CommonJS dts syntax. CommonJS dts modules cannot be bundled by rolldown-plugin-dts. Please mark this module as external in your Rolldown config.
packages/session-tool-local build: (rolldown-plugin-dts:fake-js plugin) /Users/nothing/workspace/dsh/plugin/session-tool/plugin/node_modules/.pnpm/zod@4.4.3/node_modules/zod/v4/locales/no.d.cts uses CommonJS dts syntax. CommonJS dts modules cannot be bundled by rolldown-plugin-dts. Please mark this module as external in your Rolldown config.
packages/session-tool-local build: (rolldown-plugin-dts:fake-js plugin) /Users/nothing/workspace/dsh/plugin/session-tool/plugin/node_modules/.pnpm/zod@4.4.3/node_modules/zod/v4/locales/ko.d.cts uses CommonJS dts syntax. CommonJS dts modules cannot be bundled by rolldown-plugin-dts. Please mark this module as external in your Rolldown config.
packages/session-tool-local build: (rolldown-plugin-dts:fake-js plugin) /Users/nothing/workspace/dsh/plugin/session-tool/plugin/node_modules/.pnpm/zod@4.4.3/node_modules/zod/v4/locales/nl.d.cts uses CommonJS dts syntax. CommonJS dts modules cannot be bundled by rolldown-plugin-dts. Please mark this module as external in your Rolldown config.
packages/session-tool-local build: (rolldown-plugin-dts:fake-js plugin) /Users/nothing/workspace/dsh/plugin/session-tool/plugin/node_modules/.pnpm/zod@4.4.3/node_modules/zod/v4/locales/pl.d.cts uses CommonJS dts syntax. CommonJS dts modules cannot be bundled by rolldown-plugin-dts. Please mark this module as external in your Rolldown config.
packages/session-tool-local build: (rolldown-plugin-dts:fake-js plugin) /Users/nothing/workspace/dsh/plugin/session-tool/plugin/node_modules/.pnpm/zod@4.4.3/node_modules/zod/v4/locales/ro.d.cts uses CommonJS dts syntax. CommonJS dts modules cannot be bundled by rolldown-plugin-dts. Please mark this module as external in your Rolldown config.
packages/session-tool-local build: (rolldown-plugin-dts:fake-js plugin) /Users/nothing/workspace/dsh/plugin/session-tool/plugin/node_modules/.pnpm/zod@4.4.3/node_modules/zod/v4/locales/ps.d.cts uses CommonJS dts syntax. CommonJS dts modules cannot be bundled by rolldown-plugin-dts. Please mark this module as external in your Rolldown config.
packages/session-tool-local build: (rolldown-plugin-dts:fake-js plugin) /Users/nothing/workspace/dsh/plugin/session-tool/plugin/node_modules/.pnpm/zod@4.4.3/node_modules/zod/v4/locales/pt.d.cts uses CommonJS dts syntax. CommonJS dts modules cannot be bundled by rolldown-plugin-dts. Please mark this module as external in your Rolldown config.
packages/session-tool-local build: (rolldown-plugin-dts:fake-js plugin) /Users/nothing/workspace/dsh/plugin/session-tool/plugin/node_modules/.pnpm/zod@4.4.3/node_modules/zod/v4/locales/ota.d.cts uses CommonJS dts syntax. CommonJS dts modules cannot be bundled by rolldown-plugin-dts. Please mark this module as external in your Rolldown config.
packages/session-tool-local build: (rolldown-plugin-dts:fake-js plugin) /Users/nothing/workspace/dsh/plugin/session-tool/plugin/node_modules/.pnpm/zod@4.4.3/node_modules/zod/v4/locales/ru.d.cts uses CommonJS dts syntax. CommonJS dts modules cannot be bundled by rolldown-plugin-dts. Please mark this module as external in your Rolldown config.
packages/session-tool-local build: (rolldown-plugin-dts:fake-js plugin) /Users/nothing/workspace/dsh/plugin/session-tool/plugin/node_modules/.pnpm/zod@4.4.3/node_modules/zod/v4/locales/sv.d.cts uses CommonJS dts syntax. CommonJS dts modules cannot be bundled by rolldown-plugin-dts. Please mark this module as external in your Rolldown config.
packages/session-tool-local build: (rolldown-plugin-dts:fake-js plugin) /Users/nothing/workspace/dsh/plugin/session-tool/plugin/node_modules/.pnpm/zod@4.4.3/node_modules/zod/v4/locales/th.d.cts uses CommonJS dts syntax. CommonJS dts modules cannot be bundled by rolldown-plugin-dts. Please mark this module as external in your Rolldown config.
packages/session-tool-local build: (rolldown-plugin-dts:fake-js plugin) /Users/nothing/workspace/dsh/plugin/session-tool/plugin/node_modules/.pnpm/zod@4.4.3/node_modules/zod/v4/locales/sl.d.cts uses CommonJS dts syntax. CommonJS dts modules cannot be bundled by rolldown-plugin-dts. Please mark this module as external in your Rolldown config.
packages/session-tool-local build: (rolldown-plugin-dts:fake-js plugin) /Users/nothing/workspace/dsh/plugin/session-tool/plugin/node_modules/.pnpm/zod@4.4.3/node_modules/zod/v4/locales/ta.d.cts uses CommonJS dts syntax. CommonJS dts modules cannot be bundled by rolldown-plugin-dts. Please mark this module as external in your Rolldown config.
packages/session-tool-local build: (rolldown-plugin-dts:fake-js plugin) /Users/nothing/workspace/dsh/plugin/session-tool/plugin/node_modules/.pnpm/zod@4.4.3/node_modules/zod/v4/locales/tr.d.cts uses CommonJS dts syntax. CommonJS dts modules cannot be bundled by rolldown-plugin-dts. Please mark this module as external in your Rolldown config.
packages/session-tool-local build: (rolldown-plugin-dts:fake-js plugin) /Users/nothing/workspace/dsh/plugin/session-tool/plugin/node_modules/.pnpm/zod@4.4.3/node_modules/zod/v4/locales/ua.d.cts uses CommonJS dts syntax. CommonJS dts modules cannot be bundled by rolldown-plugin-dts. Please mark this module as external in your Rolldown config.
packages/session-tool-local build: (rolldown-plugin-dts:fake-js plugin) /Users/nothing/workspace/dsh/plugin/session-tool/plugin/node_modules/.pnpm/zod@4.4.3/node_modules/zod/v4/locales/uk.d.cts uses CommonJS dts syntax. CommonJS dts modules cannot be bundled by rolldown-plugin-dts. Please mark this module as external in your Rolldown config.
packages/session-tool-local build: (rolldown-plugin-dts:fake-js plugin) /Users/nothing/workspace/dsh/plugin/session-tool/plugin/node_modules/.pnpm/zod@4.4.3/node_modules/zod/v4/locales/uz.d.cts uses CommonJS dts syntax. CommonJS dts modules cannot be bundled by rolldown-plugin-dts. Please mark this module as external in your Rolldown config.
packages/session-tool-local build: (rolldown-plugin-dts:fake-js plugin) /Users/nothing/workspace/dsh/plugin/session-tool/plugin/node_modules/.pnpm/zod@4.4.3/node_modules/zod/v4/locales/ur.d.cts uses CommonJS dts syntax. CommonJS dts modules cannot be bundled by rolldown-plugin-dts. Please mark this module as external in your Rolldown config.
packages/session-tool-local build: (rolldown-plugin-dts:fake-js plugin) /Users/nothing/workspace/dsh/plugin/session-tool/plugin/node_modules/.pnpm/zod@4.4.3/node_modules/zod/v4/locales/zh-CN.d.cts uses CommonJS dts syntax. CommonJS dts modules cannot be bundled by rolldown-plugin-dts. Please mark this module as external in your Rolldown config.
packages/session-tool-local build: (rolldown-plugin-dts:fake-js plugin) /Users/nothing/workspace/dsh/plugin/session-tool/plugin/node_modules/.pnpm/zod@4.4.3/node_modules/zod/v4/locales/vi.d.cts uses CommonJS dts syntax. CommonJS dts modules cannot be bundled by rolldown-plugin-dts. Please mark this module as external in your Rolldown config.
packages/session-tool-local build: (rolldown-plugin-dts:fake-js plugin) /Users/nothing/workspace/dsh/plugin/session-tool/plugin/node_modules/.pnpm/zod@4.4.3/node_modules/zod/v4/locales/zh-TW.d.cts uses CommonJS dts syntax. CommonJS dts modules cannot be bundled by rolldown-plugin-dts. Please mark this module as external in your Rolldown config.
packages/session-tool-local build: (rolldown-plugin-dts:fake-js plugin) /Users/nothing/workspace/dsh/plugin/session-tool/plugin/node_modules/.pnpm/zod@4.4.3/node_modules/zod/v4/locales/yo.d.cts uses CommonJS dts syntax. CommonJS dts modules cannot be bundled by rolldown-plugin-dts. Please mark this module as external in your Rolldown config.
packages/session-tool-local build: ℹ Hint: consider adding deps.onlyBundle option to avoid unintended bundling of dependencies, or set deps.onlyBundle: false to disable this hint.
packages/session-tool-local build: See more at https://tsdown.dev/options/dependencies#deps-onlybundle
packages/session-tool-local build: Detected dependencies in bundle:
packages/session-tool-local build: - zod
packages/session-tool-local build: ℹ lib/index.js        212.44 kB │ gzip:  46.29 kB
packages/session-tool-local build: ℹ lib/index.js.map    558.90 kB │ gzip: 107.79 kB
packages/session-tool-local build: ℹ lib/index.d.ts.map    3.23 kB │ gzip:   1.15 kB
packages/session-tool-local build: ℹ lib/index.d.ts       25.50 kB │ gzip:   7.11 kB
packages/session-tool-local build: ℹ 4 files, total: 800.08 kB
packages/session-tool-local build: ✔ Build complete in 2861ms
packages/session-tool-local build: Done
packages/tool-session build$ tsdown
packages/tool-session build: ℹ tsdown v0.22.14 powered by rolldown v1.2.3
packages/tool-session build: ℹ config file: /Users/nothing/workspace/dsh/plugin/session-tool/plugin/packages/tool-session/tsdown.config.ts 
packages/tool-session build: ℹ entry: src/index.ts
packages/tool-session build: ℹ target: es2024
packages/tool-session build: ℹ tsconfig: tsconfig.json
packages/tool-session build:  WARN  `external` is deprecated. Use `deps.neverBundle` instead.
packages/tool-session build: ℹ Build start
packages/tool-session build: ℹ lib/index.js        20.55 kB │ gzip: 5.01 kB
packages/tool-session build: ℹ lib/index.js.map    33.60 kB │ gzip: 7.83 kB
packages/tool-session build: ℹ lib/index.d.ts.map   0.12 kB │ gzip: 0.13 kB
packages/tool-session build: ℹ lib/index.d.ts       0.39 kB │ gzip: 0.26 kB
packages/tool-session build: ℹ 4 files, total: 54.67 kB
packages/tool-session build: ✔ Build complete in 1296ms
packages/tool-session build: Done

