$ pnpm run typecheck
exit=0
$ tsc -p tsconfig.json

$ pnpm --filter session-tool-local run test
exit=0
$ vitest run --config ../../vitest.config.ts packages/session-tool-local/tests

 RUN  v4.1.10 /Users/nothing/workspace/dsh/plugin/session-tool/plugin

 ✓ packages/session-tool-local/tests/collect.spec.ts (6 tests) 9ms
 ✓ packages/session-tool-local/tests/live-events.spec.ts (4 tests) 9ms
 ✓ packages/session-tool-local/tests/persistence-read.spec.ts (8 tests) 15ms
 ✓ packages/session-tool-local/tests/delegation-projection.spec.ts (9 tests) 26ms
 ✓ packages/session-tool-local/tests/http-auth.spec.ts (11 tests) 57ms
 ✓ packages/session-tool-local/tests/workspace-client.spec.ts (26 tests) 88ms
 ✓ packages/session-tool-local/tests/wait.spec.ts (11 tests) 52ms
 ✓ packages/session-tool-local/tests/session-client.spec.ts (38 tests) 117ms
 ✓ packages/session-tool-local/tests/workspace.spec.ts (12 tests) 124ms
 ✓ packages/session-tool-local/tests/transport.spec.ts (18 tests) 116ms
 ✓ packages/session-tool-local/tests/service.spec.ts (68 tests) 1743ms
       ✓ resolves a tag aggregation and reports an empty set as unsatisfied  520ms

 Test Files  11 passed (11)
      Tests  211 passed (211)
   Start at  16:21:44
   Duration  2.69s (transform 3.11s, setup 0ms, import 5.05s, tests 2.36s, environment 3ms)


