$ pnpm test
cwd: /Users/nothing/workspace/dsh/plugin/session-tool/plugin
date: 2026-09-05T04:20:43Z

$ vitest run

 RUN  v4.1.10 /Users/nothing/workspace/dsh/plugin/session-tool/plugin

 ✓ packages/session-tool-local/tests/collect.spec.ts (6 tests) 2ms
 ✓ packages/session-tool-cli/tests/e2e.spec.ts (2 tests | 1 skipped) 3ms
 ✓ packages/tool-session/tests/tools.spec.ts (17 tests) 26ms
 ✓ packages/session-marks/tests/marks.spec.ts (17 tests) 41ms
 ✓ packages/session-tool-local/tests/delegation-projection.spec.ts (9 tests) 5ms
 ✓ packages/session-tool-cli/tests/marks.spec.ts (5 tests) 14ms
 ✓ packages/session-tool-local/tests/http-auth.spec.ts (7 tests) 16ms
 ✓ packages/session-tool-local/tests/wait.spec.ts (11 tests) 15ms
 ✓ packages/session-tool-local/tests/workspace-client.spec.ts (23 tests) 19ms
 ✓ packages/session-tool-local/tests/session-client.spec.ts (37 tests) 45ms
 ✓ packages/session-tool-local/tests/workspace.spec.ts (12 tests) 40ms
 ✓ packages/session-tool-local/tests/transport.spec.ts (18 tests) 37ms
 ✓ packages/session-tool-local/tests/service.spec.ts (60 tests) 1668ms
       ✓ wait-all aggregates when every member is terminal  325ms
       ✓ returns a timeout snapshot without error when the deadline passes  326ms
       ✓ resolves a tag aggregation and reports an empty set as unsatisfied  511ms

 Test Files  13 passed (13)
      Tests  223 passed | 1 skipped (224)
   Start at  12:20:43
   Duration  2.00s (transform 1.46s, setup 0ms, import 2.27s, tests 1.93s, environment 1ms)


pnpm test exit: 0

$ pnpm run typecheck
date: 2026-09-05T04:20:53Z

$ tsc -p tsconfig.json

pnpm run typecheck exit: 0

$ pnpm run build
date: 2026-09-05T04:20:55Z

$ pnpm -r run build
Scope: 5 of 6 workspace projects
packages/session-marks build$ tsdown
packages/session-tool build$ tsdown
packages/session-tool build: ℹ tsdown v0.22.14 powered by rolldown v1.2.3
packages/session-marks build: ℹ tsdown v0.22.14 powered by rolldown v1.2.3
packages/session-tool build: ℹ config file: /Users/nothing/workspace/dsh/plugin/session-tool/plugin/packages/session-tool/tsdown.config.ts 
packages/session-marks build: ℹ config file: /Users/nothing/workspace/dsh/plugin/session-tool/plugin/packages/session-marks/tsdown.config.ts 
packages/session-marks build: ℹ entry: src/index.ts
packages/session-marks build: ℹ target: es2024
packages/session-tool build: ℹ entry: src/index.ts
packages/session-tool build: ℹ target: es2024
packages/session-tool build: ℹ tsconfig: tsconfig.json
packages/session-marks build: ℹ tsconfig: tsconfig.json
packages/session-marks build: ℹ Build start
packages/session-tool build: ℹ Build start
packages/session-tool build:  WARN  `external` is deprecated. Use `deps.neverBundle` instead.
packages/session-marks build: ℹ lib/index.js         8.27 kB │ gzip: 2.99 kB
packages/session-marks build: ℹ lib/index.js.map    15.40 kB │ gzip: 4.92 kB
packages/session-marks build: ℹ lib/index.d.ts.map   0.52 kB │ gzip: 0.28 kB
packages/session-marks build: ℹ lib/index.d.ts       4.29 kB │ gzip: 1.65 kB
packages/session-marks build: ℹ 4 files, total: 28.48 kB
packages/session-marks build: ✔ Build complete in 353ms
packages/session-marks build: Done
packages/session-tool build: ℹ lib/index.js         3.07 kB │ gzip: 1.18 kB
packages/session-tool build: ℹ lib/index.js.map    26.94 kB │ gzip: 6.94 kB
packages/session-tool build: ℹ lib/index.d.ts.map   2.10 kB │ gzip: 0.62 kB
packages/session-tool build: ℹ lib/index.d.ts      24.95 kB │ gzip: 6.40 kB
packages/session-tool build: ℹ 4 files, total: 57.05 kB
packages/session-tool build: ✔ Build complete in 388ms
packages/session-tool build: Done
packages/session-tool-local build$ tsdown
packages/session-tool-cli build$ tsdown
packages/session-tool-cli build: ℹ tsdown v0.22.14 powered by rolldown v1.2.3
packages/session-tool-local build: ℹ tsdown v0.22.14 powered by rolldown v1.2.3
packages/session-tool-cli build: ℹ config file: /Users/nothing/workspace/dsh/plugin/session-tool/plugin/packages/session-tool-cli/tsdown.config.ts 
packages/session-tool-local build: ℹ config file: /Users/nothing/workspace/dsh/plugin/session-tool/plugin/packages/session-tool-local/tsdown.config.ts 
packages/session-tool-cli build: ℹ entry: src/index.ts, src/bin.ts
packages/session-tool-cli build: ℹ target: es2024
packages/session-tool-local build: ℹ entry: src/index.ts
packages/session-tool-local build: ℹ target: es2024
packages/session-tool-cli build: ℹ tsconfig: tsconfig.json
packages/session-tool-local build: ℹ tsconfig: tsconfig.json
packages/session-tool-cli build:  WARN  `external` is deprecated. Use `deps.neverBundle` instead.
packages/session-tool-local build:  WARN  `external` is deprecated. Use `deps.neverBundle` instead.
packages/session-tool-cli build: ℹ Build start
packages/session-tool-local build: ℹ Build start
packages/session-tool-cli build: ℹ Cleaning 8 files
packages/session-tool-cli build: ℹ Granting execute permission to lib/bin.js
packages/session-tool-cli build: ℹ lib/index.js              0.32 kB │ gzip:  0.19 kB
packages/session-tool-cli build: ℹ lib/bin.js                0.20 kB │ gzip:  0.17 kB
packages/session-tool-cli build: ℹ lib/src-Bq_HrrBR.js.map  47.18 kB │ gzip: 11.50 kB
packages/session-tool-cli build: ℹ lib/src-Bq_HrrBR.js      26.47 kB │ gzip:  7.00 kB
packages/session-tool-cli build: ℹ lib/index.d.ts.map        0.30 kB │ gzip:  0.20 kB
packages/session-tool-cli build: ℹ lib/bin.js.map            0.27 kB │ gzip:  0.22 kB
packages/session-tool-cli build: ℹ lib/index.d.ts            2.73 kB │ gzip:  1.10 kB
packages/session-tool-cli build: ℹ lib/bin.d.ts              0.01 kB │ gzip:  0.03 kB
packages/session-tool-cli build: ℹ 8 files, total: 77.49 kB
packages/session-tool-cli build: ✔ Build complete in 384ms
packages/session-tool-cli build: Done
packages/session-tool-local build: ℹ Hint: consider adding deps.onlyBundle option to avoid unintended bundling of dependencies, or set deps.onlyBundle: false to disable this hint.
packages/session-tool-local build: See more at https://tsdown.dev/options/dependencies#deps-onlybundle
packages/session-tool-local build: Detected dependencies in bundle:
packages/session-tool-local build: - zod
packages/session-tool-local build: ℹ lib/index.js        202.88 kB │ gzip:  43.46 kB
packages/session-tool-local build: ℹ lib/index.js.map    538.71 kB │ gzip: 102.77 kB
packages/session-tool-local build: ℹ lib/index.d.ts.map    2.82 kB │ gzip:   1.01 kB
packages/session-tool-local build: ℹ lib/index.d.ts       23.07 kB │ gzip:   6.49 kB
packages/session-tool-local build: ℹ 4 files, total: 767.48 kB
packages/session-tool-local build: ✔ Build complete in 490ms
packages/session-tool-local build: Done
packages/tool-session build$ tsdown
packages/tool-session build: ℹ tsdown v0.22.14 powered by rolldown v1.2.3
packages/tool-session build: ℹ config file: /Users/nothing/workspace/dsh/plugin/session-tool/plugin/packages/tool-session/tsdown.config.ts 
packages/tool-session build: ℹ entry: src/index.ts
packages/tool-session build: ℹ target: es2024
packages/tool-session build: ℹ tsconfig: tsconfig.json
packages/tool-session build:  WARN  `external` is deprecated. Use `deps.neverBundle` instead.
packages/tool-session build: ℹ Build start
packages/tool-session build: ℹ lib/index.js        20.25 kB │ gzip: 4.96 kB
packages/tool-session build: ℹ lib/index.js.map    33.17 kB │ gzip: 7.70 kB
packages/tool-session build: ℹ lib/index.d.ts.map   0.12 kB │ gzip: 0.13 kB
packages/tool-session build: ℹ lib/index.d.ts       0.39 kB │ gzip: 0.26 kB
packages/tool-session build: ℹ 4 files, total: 53.92 kB
packages/tool-session build: ✔ Build complete in 348ms
packages/tool-session build: Done

pnpm run build exit: 0

## summary
pnpm test: 223 passed | 1 skipped (e2e live replay skipIf, no DSH apps/cli bin)
pnpm run typecheck: 0 error
pnpm run build: success
threshold: passed >= 157 (INV-006) — met
e2e fixture lock: web-dependent verbs stay [web-unreachable]
fence cases in service.spec.ts retained
