# UF-005 unit: auto-tags delegated creates
date: 2026-08-19 10:58:09 
ROOT: /Users/dev/workspace/dsh/plugin/session-tool/plugin
DSH_HOME: /Users/dev/workspace/dsh/plugin/session-tool/plugin/env
gateway: http://127.0.0.1:3080 curl=200
listen:
COMMAND   PID    USER   FD   TYPE             DEVICE SIZE/OFF NODE NAME
node    72010 dev   14u  IPv4 0xd73b1557edb87c20      0t0  TCP 127.0.0.1:3080 (LISTEN)
CLI: node /Users/dev/workspace/dsh/plugin/session-tool/plugin/packages/session-tool-cli/lib/bin.js (pnpm exec dsh-session is not linked at workspace root)
profile: headless
note: --profile st is the already-running web gateway; CLI boot of st fails
      (web-app waits for cmdlineArgs / would bind 3080). CLI uses a session-store
      profile (dsh-base + tool-session, Config.webUrl=http://127.0.0.1:3080).
titles: unique sm-* prefix

$ pnpm exec vitest run packages/session-tool-local/tests/service.spec.ts -t 'auto-tags delegated'
exit 0
--- stdout ---

 RUN  v4.1.10 /Users/dev/workspace/dsh/plugin/session-tool/plugin

 ✓ packages/session-tool-local/tests/service.spec.ts (45 tests | 44 skipped) 10ms

 Test Files  1 passed (1)
      Tests  1 passed | 44 skipped (45)
   Start at  10:58:09
   Duration  208ms (transform 71ms, setup 0ms, import 130ms, tests 10ms, environment 0ms)


--- stderr ---

