# phase-2 write/list + phase-3 delegated wiring
date: 2026-08-19T02:10:25Z
cwd: /Users/dev/workspace/dsh/plugin/session-tool/plugin

=== pnpm --filter session-marks test ===
$ vitest run --config ../../vitest.config.ts packages/session-marks/tests

 RUN  v4.1.10 /Users/dev/workspace/dsh/plugin/session-tool/plugin

 ✓ packages/session-marks/tests/marks.spec.ts (9 tests) 11ms

 Test Files  1 passed (1)
      Tests  9 passed (9)
   Start at  10:10:25
   Duration  110ms (transform 17ms, setup 0ms, import 26ms, tests 11ms, environment 0ms)


=== pnpm --filter session-tool-local test ===
$ vitest run --config ../../vitest.config.ts packages/session-tool-local/tests

 RUN  v4.1.10 /Users/dev/workspace/dsh/plugin/session-tool/plugin

 ✓ packages/session-tool-local/tests/collect.spec.ts (6 tests) 2ms
 ✓ packages/session-tool-local/tests/delegation-projection.spec.ts (8 tests) 3ms
 ✓ packages/session-tool-local/tests/workspace-client.spec.ts (11 tests) 17ms
 ✓ packages/session-tool-local/tests/workspace.spec.ts (12 tests) 33ms
 ✓ packages/session-tool-local/tests/session-client.spec.ts (22 tests) 42ms
 ✓ packages/session-tool-local/tests/service.spec.ts (45 tests) 1758ms
       ✓ wait-all aggregates when every member is terminal  342ms
       ✓ returns a timeout snapshot without error when the deadline passes  357ms
       ✓ resolves a tag aggregation and reports an empty set as unsatisfied  531ms

 Test Files  6 passed (6)
      Tests  104 passed (104)
   Start at  10:10:25
   Duration  1.97s (transform 373ms, setup 0ms, import 641ms, tests 1.86s, environment 0ms)


=== pnpm --filter tool-session test ===
$ vitest run --config ../../vitest.config.ts packages/tool-session/tests

 RUN  v4.1.10 /Users/dev/workspace/dsh/plugin/session-tool/plugin

 ✓ packages/tool-session/tests/tools.spec.ts (17 tests) 14ms

 Test Files  1 passed (1)
      Tests  17 passed (17)
   Start at  10:10:28
   Duration  134ms (transform 30ms, setup 0ms, import 50ms, tests 14ms, environment 0ms)

